2025-10-18 01:17:01,620 | INFO | New Student Added
2025-10-18 01:17:01,621 | INFO | POST /students | Status: 201 | Duration: 0.029s
2025-10-18 01:17:03,691 | INFO | Get Students
2025-10-18 01:17:03,692 | INFO | GET /students | Status: 200 | Duration: 0.005s
2025-10-18 01:17:32,804 | INFO | POST /students | Status: 400 | Duration: 0.004s
2025-10-18 01:17:32,837 | INFO | Student Record for 102 Updated
2025-10-18 01:17:32,837 | INFO | PUT /students/102 | Status: 200 | Duration: 0.025s
2025-10-18 01:17:34,563 | INFO | Get Students
2025-10-18 01:17:34,564 | INFO | GET /students | Status: 200 | Duration: 0.004s
2025-10-18 01:17:39,369 | INFO | Student Record for 104 Deleted
2025-10-18 01:17:39,370 | INFO | DELETE /students/104 | Status: 200 | Duration: 0.007s
2025-10-18 01:17:39,379 | INFO | Get Students
2025-10-18 01:17:39,380 | INFO | GET /students | Status: 200 | Duration: 0.004s
2025-10-19 00:52:18,038 | INFO | Frontend loaded
2025-10-19 00:52:18,039 | INFO | GET / | Status: 200 | Duration: 0.081s
2025-10-19 00:52:18,231 | INFO | GET /frontend/style.css | Status: 304 | Duration: 0.083s
2025-10-19 00:52:18,242 | INFO | GET /frontend/scripts.js | Status: 304 | Duration: 0.093s
2025-10-19 00:52:18,487 | INFO | GET /favicon.ico | Status: 404 | Duration: 0.0s
2025-10-19 00:52:18,800 | INFO | Get Students
2025-10-19 00:52:18,801 | INFO | GET /students | Status: 200 | Duration: 0.014s
2025-10-19 00:52:24,725 | INFO | GET /docs | Status: 200 | Duration: 0.0s
2025-10-19 00:52:24,975 | INFO | GET /openapi.json | Status: 200 | Duration: 0.018s
2025-10-19 00:52:32,632 | INFO | POST /process-etl | Status: 200 | Duration: 0.002s
2025-10-19 01:28:24,717 | INFO | Frontend loaded
2025-10-19 01:28:24,718 | INFO | GET / | Status: 200 | Duration: 0.035s
2025-10-19 01:28:25,215 | INFO | Get Students
2025-10-19 01:28:25,216 | INFO | GET /students | Status: 200 | Duration: 0.013s
2025-10-19 01:33:24,133 | INFO | Frontend loaded
2025-10-19 01:33:24,134 | INFO | GET / | Status: 200 | Duration: 0.014s
2025-10-19 01:33:24,620 | INFO | Get Students
2025-10-19 01:33:24,621 | INFO | GET /students | Status: 200 | Duration: 0.012s
2025-10-19 01:45:28,178 | INFO | Frontend loaded
2025-10-19 01:45:28,179 | INFO | GET / | Status: 200 | Duration: 0.06s
2025-10-19 01:45:28,667 | INFO | Get Students
2025-10-19 01:45:28,668 | INFO | GET /students | Status: 200 | Duration: 0.012s
2025-10-19 01:47:34,809 | INFO | Frontend loaded
2025-10-19 01:47:34,810 | INFO | GET / | Status: 200 | Duration: 0.077s
2025-10-19 01:47:35,214 | INFO | Get Students
2025-10-19 01:47:35,215 | INFO | GET /students | Status: 200 | Duration: 0.012s
2025-10-19 01:47:46,258 | INFO | GET /docs | Status: 200 | Duration: 0.001s
2025-10-19 01:47:46,600 | INFO | GET /openapi.json | Status: 200 | Duration: 0.012s
2025-10-19 01:47:55,566 | INFO | POST /processetl | Status: 200 | Duration: 0.002s
2025-10-19 01:52:52,029 | INFO | Frontend loaded
2025-10-19 01:52:52,030 | INFO | GET / | Status: 200 | Duration: 0.003s
2025-10-19 01:52:52,420 | INFO | Get Students
2025-10-19 01:52:52,421 | INFO | GET /students | Status: 200 | Duration: 0.016s
2025-10-19 01:53:10,142 | INFO | GET /.well-known/appspecific/com.chrome.devtools.json | Status: 404 | Duration: 0.0s
2025-10-19 01:56:57,894 | INFO | Frontend loaded
2025-10-19 01:56:57,894 | INFO | GET / | Status: 200 | Duration: 0.002s
2025-10-19 01:56:57,976 | INFO | GET /.well-known/appspecific/com.chrome.devtools.json | Status: 404 | Duration: 0.0s
2025-10-19 01:56:58,301 | INFO | Get Students
2025-10-19 01:56:58,302 | INFO | GET /students | Status: 200 | Duration: 0.005s
2025-10-19 02:01:05,681 | INFO | Frontend loaded
2025-10-19 02:01:05,682 | INFO | GET / | Status: 200 | Duration: 0.081s
2025-10-19 02:01:06,121 | INFO | Get Students
2025-10-19 02:01:06,122 | INFO | GET /students | Status: 200 | Duration: 0.012s
2025-10-19 02:01:14,805 | INFO | GET /.well-known/appspecific/com.chrome.devtools.json | Status: 404 | Duration: 0.001s
2025-10-19 02:01:46,144 | INFO | Get Students
2025-10-19 02:01:46,145 | INFO | GET /students | Status: 200 | Duration: 0.005s
2025-10-19 02:01:47,967 | INFO | Get Students
2025-10-19 02:01:47,968 | INFO | GET /students | Status: 200 | Duration: 0.005s
2025-10-19 02:01:50,421 | INFO | Get Students
2025-10-19 02:01:50,422 | INFO | GET /students | Status: 200 | Duration: 0.004s
2025-10-19 02:01:54,258 | INFO | Get Students
2025-10-19 02:01:54,258 | INFO | GET /students | Status: 200 | Duration: 0.004s
2025-10-19 02:01:54,450 | INFO | Get Students
2025-10-19 02:01:54,451 | INFO | GET /students | Status: 200 | Duration: 0.004s
2025-10-19 02:01:54,650 | INFO | Get Students
2025-10-19 02:01:54,651 | INFO | GET /students | Status: 200 | Duration: 0.004s
2025-10-19 02:01:54,850 | INFO | Get Students
2025-10-19 02:01:54,851 | INFO | GET /students | Status: 200 | Duration: 0.004s
2025-10-19 02:01:55,076 | INFO | Get Students
2025-10-19 02:01:55,077 | INFO | GET /students | Status: 200 | Duration: 0.004s
2025-10-19 02:01:55,550 | INFO | Get Students
2025-10-19 02:01:55,551 | INFO | GET /students | Status: 200 | Duration: 0.004s
2025-10-19 02:01:55,772 | INFO | Get Students
2025-10-19 02:01:55,773 | INFO | GET /students | Status: 200 | Duration: 0.004s
2025-10-19 02:01:55,985 | INFO | Get Students
2025-10-19 02:01:55,985 | INFO | GET /students | Status: 200 | Duration: 0.004s
2025-10-19 02:07:50,104 | INFO | Frontend loaded
2025-10-19 02:07:50,105 | INFO | GET / | Status: 200 | Duration: 0.071s
2025-10-19 02:07:50,572 | INFO | Get Students
2025-10-19 02:07:50,573 | INFO | GET /students | Status: 200 | Duration: 0.011s
2025-10-19 02:09:21,159 | INFO | Get Students
2025-10-19 02:09:21,160 | INFO | GET /students | Status: 200 | Duration: 0.005s
2025-10-19 02:09:22,248 | INFO | Get Students
2025-10-19 02:09:22,249 | INFO | GET /students | Status: 200 | Duration: 0.004s
2025-10-19 02:09:22,276 | INFO | Get Students
2025-10-19 02:09:22,277 | INFO | GET /students | Status: 200 | Duration: 0.004s
2025-10-19 02:15:04,214 | INFO | Frontend loaded
2025-10-19 02:15:04,215 | INFO | GET / | Status: 200 | Duration: 0.066s
2025-10-19 02:15:04,714 | INFO | Get Students
2025-10-19 02:15:04,715 | INFO | GET /students | Status: 200 | Duration: 0.012s
2025-10-19 02:15:11,644 | INFO | GET /.well-known/appspecific/com.chrome.devtools.json | Status: 404 | Duration: 0.0s
2025-10-19 02:17:19,144 | INFO | Frontend loaded
2025-10-19 02:17:19,145 | INFO | GET / | Status: 200 | Duration: 0.002s
2025-10-19 02:17:19,323 | INFO | GET /.well-known/appspecific/com.chrome.devtools.json | Status: 404 | Duration: 0.001s
2025-10-19 02:17:19,660 | INFO | Get Students
2025-10-19 02:17:19,660 | INFO | GET /students | Status: 200 | Duration: 0.012s
2025-10-19 02:18:09,594 | INFO | Get Students
2025-10-19 02:18:09,595 | INFO | GET /students | Status: 200 | Duration: 0.005s
2025-10-19 02:19:49,765 | INFO | Frontend loaded
2025-10-19 02:19:49,766 | INFO | GET / | Status: 200 | Duration: 0.001s
2025-10-19 02:19:49,854 | INFO | GET /.well-known/appspecific/com.chrome.devtools.json | Status: 404 | Duration: 0.001s
2025-10-19 02:19:49,986 | INFO | GET /frontend/style.css | Status: 200 | Duration: 0.117s
2025-10-19 02:19:49,987 | INFO | GET /frontend/scripts.js | Status: 200 | Duration: 0.117s
2025-10-19 02:19:50,129 | INFO | GET /favicon.ico | Status: 404 | Duration: 0.0s
2025-10-19 02:19:50,441 | INFO | Get Students
2025-10-19 02:19:50,442 | INFO | GET /students | Status: 200 | Duration: 0.004s
2025-10-19 02:20:14,534 | INFO | POST /process-etl | Status: 200 | Duration: 0.001s
2025-10-19 02:21:23,573 | INFO | Frontend loaded
2025-10-19 02:21:23,574 | INFO | GET / | Status: 200 | Duration: 0.043s
2025-10-19 02:21:23,701 | INFO | GET /frontend/scripts.js | Status: 304 | Duration: 0.069s
2025-10-19 02:21:24,232 | INFO | Get Students
2025-10-19 02:21:24,233 | INFO | GET /students | Status: 200 | Duration: 0.012s
2025-10-19 02:21:28,876 | INFO | POST /process-etl | Status: 200 | Duration: 0.001s
2025-10-19 02:30:54,869 | INFO | Frontend loaded
2025-10-19 02:30:54,870 | INFO | GET / | Status: 200 | Duration: 0.047s
2025-10-19 02:30:55,090 | INFO | GET /frontend/scripts.js | Status: 304 | Duration: 0.071s
2025-10-19 02:30:55,580 | INFO | Get Students
2025-10-19 02:30:55,581 | INFO | GET /students | Status: 200 | Duration: 0.012s
2025-10-19 02:31:03,000 | INFO | POST /process-etl | Status: 200 | Duration: 0.001s
2025-10-19 02:31:03,003 | INFO | Producer: Task added for data/marks.csv
2025-10-19 02:31:03,003 | INFO | Consumer: Processing data/marks.csv
2025-10-19 02:31:03,046 | INFO | CConsumer: ETL finished in 0.04 seconds
2025-10-19 03:24:47,482 | INFO | Frontend loaded
2025-10-19 03:24:47,483 | INFO | GET / | Status: 200 | Duration: 0.039s
2025-10-19 03:24:47,757 | INFO | GET /frontend/scripts.js | Status: 200 | Duration: 0.14s
2025-10-19 03:24:48,222 | INFO | Get Students
2025-10-19 03:24:48,223 | INFO | GET /students | Status: 200 | Duration: 0.015s
2025-10-19 03:24:59,051 | INFO | GET /docs | Status: 200 | Duration: 0.0s
2025-10-19 03:24:59,643 | INFO | GET /openapi.json | Status: 200 | Duration: 0.012s
2025-10-19 03:25:08,372 | INFO | POST /generate-analytics | Status: 200 | Duration: 0.054s
2025-10-19 03:25:56,201 | INFO | Frontend loaded
2025-10-19 03:25:56,202 | INFO | GET / | Status: 200 | Duration: 0.001s
2025-10-19 03:25:56,265 | INFO | GET /frontend/scripts.js | Status: 200 | Duration: 0.001s
2025-10-19 03:25:56,635 | INFO | Get Students
2025-10-19 03:25:56,636 | INFO | GET /students | Status: 200 | Duration: 0.004s
2025-10-19 03:25:58,745 | INFO | POST /generate-analytics | Status: 200 | Duration: 0.084s
2025-10-19 03:39:50,791 | INFO | Frontend loaded
2025-10-19 03:39:50,792 | INFO | GET / | Status: 200 | Duration: 0.004s
2025-10-19 03:39:50,893 | INFO | GET /frontend/scripts.js | Status: 304 | Duration: 0.054s
2025-10-19 03:39:51,247 | INFO | Get Students
2025-10-19 03:39:51,248 | INFO | GET /students | Status: 200 | Duration: 0.012s
2025-10-19 03:39:53,137 | INFO | Pika version 1.3.2 connecting to ('::1', 5672, 0, 0)
2025-10-19 03:39:53,137 | INFO | Socket connected: <socket.socket fd=872, family=23, type=1, proto=6, laddr=('::1', 54528, 0, 0), raddr=('::1', 5672, 0, 0)>
2025-10-19 03:39:53,138 | INFO | Streaming transport linked up: (<pika.adapters.utils.io_services_utils._AsyncPlaintextTransport object at 0x0000022DE78B2120>, _StreamingProtocolShim: <SelectConnection PROTOCOL transport=<pika.adapters.utils.io_services_utils._AsyncPlaintextTransport object at 0x0000022DE78B2120> params=<ConnectionParameters host=localhost port=5672 virtual_host=/ ssl=False>>).
2025-10-19 03:39:53,222 | INFO | AMQPConnector - reporting success: <SelectConnection OPEN transport=<pika.adapters.utils.io_services_utils._AsyncPlaintextTransport object at 0x0000022DE78B2120> params=<ConnectionParameters host=localhost port=5672 virtual_host=/ ssl=False>>
2025-10-19 03:39:53,222 | INFO | AMQPConnectionWorkflow - reporting success: <SelectConnection OPEN transport=<pika.adapters.utils.io_services_utils._AsyncPlaintextTransport object at 0x0000022DE78B2120> params=<ConnectionParameters host=localhost port=5672 virtual_host=/ ssl=False>>
2025-10-19 03:39:53,222 | INFO | Connection workflow succeeded: <SelectConnection OPEN transport=<pika.adapters.utils.io_services_utils._AsyncPlaintextTransport object at 0x0000022DE78B2120> params=<ConnectionParameters host=localhost port=5672 virtual_host=/ ssl=False>>
2025-10-19 03:39:53,223 | INFO | Created channel=1
2025-10-19 03:39:53,228 | INFO | Closing connection (200): Normal shutdown
2025-10-19 03:39:53,228 | INFO | Closing channel (200): 'Normal shutdown' on <Channel number=1 OPEN conn=<SelectConnection OPEN transport=<pika.adapters.utils.io_services_utils._AsyncPlaintextTransport object at 0x0000022DE78B2120> params=<ConnectionParameters host=localhost port=5672 virtual_host=/ ssl=False>>>
2025-10-19 03:39:53,229 | INFO | Received <Channel.CloseOk> on <Channel number=1 CLOSING conn=<SelectConnection OPEN transport=<pika.adapters.utils.io_services_utils._AsyncPlaintextTransport object at 0x0000022DE78B2120> params=<ConnectionParameters host=localhost port=5672 virtual_host=/ ssl=False>>>
2025-10-19 03:39:53,229 | INFO | Closing connection (200): 'Normal shutdown'
2025-10-19 03:39:53,230 | INFO | Aborting transport connection: state=1; <socket.socket fd=872, family=23, type=1, proto=6, laddr=('::1', 54528, 0, 0), raddr=('::1', 5672, 0, 0)>
2025-10-19 03:39:53,230 | INFO | _AsyncTransportBase._initate_abort(): Initiating abrupt asynchronous transport shutdown: state=1; error=None; <socket.socket fd=872, family=23, type=1, proto=6, laddr=('::1', 54528, 0, 0), raddr=('::1', 5672, 0, 0)>
2025-10-19 03:39:53,230 | INFO | Deactivating transport: state=1; <socket.socket fd=872, family=23, type=1, proto=6, laddr=('::1', 54528, 0, 0), raddr=('::1', 5672, 0, 0)>
2025-10-19 03:39:53,230 | INFO | AMQP stack terminated, failed to connect, or aborted: opened=True, error-arg=None; pending-error=ConnectionClosedByClient: (200) 'Normal shutdown'
2025-10-19 03:39:53,230 | INFO | Stack terminated due to ConnectionClosedByClient: (200) 'Normal shutdown'
2025-10-19 03:39:53,231 | INFO | Closing transport socket and unlinking: state=3; <socket.socket fd=872, family=23, type=1, proto=6, laddr=('::1', 54528, 0, 0), raddr=('::1', 5672, 0, 0)>
2025-10-19 03:39:53,231 | INFO | User-initiated close: result=BlockingConnection__OnClosedArgs(connection=<SelectConnection CLOSED transport=None params=<ConnectionParameters host=localhost port=5672 virtual_host=/ ssl=False>>, error=ConnectionClosedByClient: (200) 'Normal shutdown')
2025-10-19 03:39:53,231 | INFO | Producer: Task queued for data/marks.csv
2025-10-19 03:39:53,235 | INFO | Pika version 1.3.2 connecting to ('::1', 5672, 0, 0)
2025-10-19 03:39:53,236 | INFO | Socket connected: <socket.socket fd=880, family=23, type=1, proto=6, laddr=('::1', 54531, 0, 0), raddr=('::1', 5672, 0, 0)>
2025-10-19 03:39:53,236 | INFO | Streaming transport linked up: (<pika.adapters.utils.io_services_utils._AsyncPlaintextTransport object at 0x0000022DE78BBED0>, _StreamingProtocolShim: <SelectConnection PROTOCOL transport=<pika.adapters.utils.io_services_utils._AsyncPlaintextTransport object at 0x0000022DE78BBED0> params=<ConnectionParameters host=localhost port=5672 virtual_host=/ ssl=False>>).
2025-10-19 03:39:53,240 | INFO | AMQPConnector - reporting success: <SelectConnection OPEN transport=<pika.adapters.utils.io_services_utils._AsyncPlaintextTransport object at 0x0000022DE78BBED0> params=<ConnectionParameters host=localhost port=5672 virtual_host=/ ssl=False>>
2025-10-19 03:39:53,240 | INFO | AMQPConnectionWorkflow - reporting success: <SelectConnection OPEN transport=<pika.adapters.utils.io_services_utils._AsyncPlaintextTransport object at 0x0000022DE78BBED0> params=<ConnectionParameters host=localhost port=5672 virtual_host=/ ssl=False>>
2025-10-19 03:39:53,240 | INFO | Connection workflow succeeded: <SelectConnection OPEN transport=<pika.adapters.utils.io_services_utils._AsyncPlaintextTransport object at 0x0000022DE78BBED0> params=<ConnectionParameters host=localhost port=5672 virtual_host=/ ssl=False>>
2025-10-19 03:39:53,241 | INFO | Created channel=1
2025-10-19 03:39:53,243 | INFO | Consumer: Processing data/marks.csv
2025-10-19 03:39:53,258 | INFO | Consumer: ETL finished in 0.02 seconds
2025-10-19 03:39:53,259 | INFO | Closing connection (200): Normal shutdown
2025-10-19 03:39:53,259 | INFO | Closing channel (200): 'Normal shutdown' on <Channel number=1 OPEN conn=<SelectConnection OPEN transport=<pika.adapters.utils.io_services_utils._AsyncPlaintextTransport object at 0x0000022DE78BBED0> params=<ConnectionParameters host=localhost port=5672 virtual_host=/ ssl=False>>>
2025-10-19 03:39:53,260 | INFO | Received <Channel.CloseOk> on <Channel number=1 CLOSING conn=<SelectConnection OPEN transport=<pika.adapters.utils.io_services_utils._AsyncPlaintextTransport object at 0x0000022DE78BBED0> params=<ConnectionParameters host=localhost port=5672 virtual_host=/ ssl=False>>>
2025-10-19 03:39:53,260 | INFO | Closing connection (200): 'Normal shutdown'
2025-10-19 03:39:53,261 | INFO | Aborting transport connection: state=1; <socket.socket fd=880, family=23, type=1, proto=6, laddr=('::1', 54531, 0, 0), raddr=('::1', 5672, 0, 0)>
2025-10-19 03:39:53,261 | INFO | _AsyncTransportBase._initate_abort(): Initiating abrupt asynchronous transport shutdown: state=1; error=None; <socket.socket fd=880, family=23, type=1, proto=6, laddr=('::1', 54531, 0, 0), raddr=('::1', 5672, 0, 0)>
2025-10-19 03:39:53,261 | INFO | Deactivating transport: state=1; <socket.socket fd=880, family=23, type=1, proto=6, laddr=('::1', 54531, 0, 0), raddr=('::1', 5672, 0, 0)>
2025-10-19 03:39:53,261 | INFO | AMQP stack terminated, failed to connect, or aborted: opened=True, error-arg=None; pending-error=ConnectionClosedByClient: (200) 'Normal shutdown'
2025-10-19 03:39:53,261 | INFO | Stack terminated due to ConnectionClosedByClient: (200) 'Normal shutdown'
2025-10-19 03:39:53,262 | INFO | Closing transport socket and unlinking: state=3; <socket.socket fd=880, family=23, type=1, proto=6, laddr=('::1', 54531, 0, 0), raddr=('::1', 5672, 0, 0)>
2025-10-19 03:39:53,262 | INFO | User-initiated close: result=BlockingConnection__OnClosedArgs(connection=<SelectConnection CLOSED transport=None params=<ConnectionParameters host=localhost port=5672 virtual_host=/ ssl=False>>, error=ConnectionClosedByClient: (200) 'Normal shutdown')
2025-10-19 03:39:53,262 | INFO | POST /process-etl | Status: 200 | Duration: 0.128s
2025-10-19 03:40:05,602 | INFO | POST /generate-analytics | Status: 200 | Duration: 0.037s
2025-10-19 03:42:50,944 | INFO | Frontend loaded
2025-10-19 03:42:50,946 | INFO | GET / | Status: 200 | Duration: 0.055s
2025-10-19 03:42:51,158 | INFO | GET /frontend/scripts.js | Status: 304 | Duration: 0.098s
2025-10-19 03:42:51,558 | INFO | Get Students
2025-10-19 03:42:51,559 | INFO | GET /students | Status: 200 | Duration: 0.012s
2025-10-19 03:42:53,412 | INFO | Analytics Report generated
2025-10-19 03:42:53,413 | INFO | POST /generate-analytics | Status: 200 | Duration: 0.032s
2025-10-19 04:13:24,538 | INFO | Frontend loaded
2025-10-19 04:13:24,539 | INFO | GET / | Status: 200 | Duration: 0.023s
2025-10-19 04:13:24,693 | INFO | GET /frontend/scripts.js | Status: 304 | Duration: 0.063s
2025-10-19 04:13:25,099 | INFO | Get Students
2025-10-19 04:13:25,100 | INFO | GET /students | Status: 200 | Duration: 0.013s
2025-10-19 04:13:28,825 | INFO | Pika version 1.3.2 connecting to ('::1', 5672, 0, 0)
2025-10-19 04:13:28,825 | INFO | Socket connected: <socket.socket fd=816, family=23, type=1, proto=6, laddr=('::1', 54837, 0, 0), raddr=('::1', 5672, 0, 0)>
2025-10-19 04:13:28,826 | INFO | Streaming transport linked up: (<pika.adapters.utils.io_services_utils._AsyncPlaintextTransport object at 0x0000012DB875A120>, _StreamingProtocolShim: <SelectConnection PROTOCOL transport=<pika.adapters.utils.io_services_utils._AsyncPlaintextTransport object at 0x0000012DB875A120> params=<ConnectionParameters host=localhost port=5672 virtual_host=/ ssl=False>>).
2025-10-19 04:13:28,831 | INFO | AMQPConnector - reporting success: <SelectConnection OPEN transport=<pika.adapters.utils.io_services_utils._AsyncPlaintextTransport object at 0x0000012DB875A120> params=<ConnectionParameters host=localhost port=5672 virtual_host=/ ssl=False>>
2025-10-19 04:13:28,831 | INFO | AMQPConnectionWorkflow - reporting success: <SelectConnection OPEN transport=<pika.adapters.utils.io_services_utils._AsyncPlaintextTransport object at 0x0000012DB875A120> params=<ConnectionParameters host=localhost port=5672 virtual_host=/ ssl=False>>
2025-10-19 04:13:28,831 | INFO | Connection workflow succeeded: <SelectConnection OPEN transport=<pika.adapters.utils.io_services_utils._AsyncPlaintextTransport object at 0x0000012DB875A120> params=<ConnectionParameters host=localhost port=5672 virtual_host=/ ssl=False>>
2025-10-19 04:13:28,831 | INFO | Created channel=1
2025-10-19 04:13:28,833 | INFO | Closing connection (200): Normal shutdown
2025-10-19 04:13:28,833 | INFO | Closing channel (200): 'Normal shutdown' on <Channel number=1 OPEN conn=<SelectConnection OPEN transport=<pika.adapters.utils.io_services_utils._AsyncPlaintextTransport object at 0x0000012DB875A120> params=<ConnectionParameters host=localhost port=5672 virtual_host=/ ssl=False>>>
2025-10-19 04:13:28,834 | INFO | Received <Channel.CloseOk> on <Channel number=1 CLOSING conn=<SelectConnection OPEN transport=<pika.adapters.utils.io_services_utils._AsyncPlaintextTransport object at 0x0000012DB875A120> params=<ConnectionParameters host=localhost port=5672 virtual_host=/ ssl=False>>>
2025-10-19 04:13:28,834 | INFO | Closing connection (200): 'Normal shutdown'
2025-10-19 04:13:28,834 | INFO | Aborting transport connection: state=1; <socket.socket fd=816, family=23, type=1, proto=6, laddr=('::1', 54837, 0, 0), raddr=('::1', 5672, 0, 0)>
2025-10-19 04:13:28,835 | INFO | _AsyncTransportBase._initate_abort(): Initiating abrupt asynchronous transport shutdown: state=1; error=None; <socket.socket fd=816, family=23, type=1, proto=6, laddr=('::1', 54837, 0, 0), raddr=('::1', 5672, 0, 0)>
2025-10-19 04:13:28,835 | INFO | Deactivating transport: state=1; <socket.socket fd=816, family=23, type=1, proto=6, laddr=('::1', 54837, 0, 0), raddr=('::1', 5672, 0, 0)>
2025-10-19 04:13:28,835 | INFO | AMQP stack terminated, failed to connect, or aborted: opened=True, error-arg=None; pending-error=ConnectionClosedByClient: (200) 'Normal shutdown'
2025-10-19 04:13:28,835 | INFO | Stack terminated due to ConnectionClosedByClient: (200) 'Normal shutdown'
2025-10-19 04:13:28,835 | INFO | Closing transport socket and unlinking: state=3; <socket.socket fd=816, family=23, type=1, proto=6, laddr=('::1', 54837, 0, 0), raddr=('::1', 5672, 0, 0)>
2025-10-19 04:13:28,835 | INFO | User-initiated close: result=BlockingConnection__OnClosedArgs(connection=<SelectConnection CLOSED transport=None params=<ConnectionParameters host=localhost port=5672 virtual_host=/ ssl=False>>, error=ConnectionClosedByClient: (200) 'Normal shutdown')
2025-10-19 04:13:28,836 | INFO | Producer: Task queued for data/marks.csv
2025-10-19 04:13:28,842 | INFO | Pika version 1.3.2 connecting to ('::1', 5672, 0, 0)
2025-10-19 04:13:28,842 | INFO | Socket connected: <socket.socket fd=804, family=23, type=1, proto=6, laddr=('::1', 54840, 0, 0), raddr=('::1', 5672, 0, 0)>
2025-10-19 04:13:28,843 | INFO | Streaming transport linked up: (<pika.adapters.utils.io_services_utils._AsyncPlaintextTransport object at 0x0000012DB8753ED0>, _StreamingProtocolShim: <SelectConnection PROTOCOL transport=<pika.adapters.utils.io_services_utils._AsyncPlaintextTransport object at 0x0000012DB8753ED0> params=<ConnectionParameters host=localhost port=5672 virtual_host=/ ssl=False>>).
2025-10-19 04:13:28,846 | INFO | AMQPConnector - reporting success: <SelectConnection OPEN transport=<pika.adapters.utils.io_services_utils._AsyncPlaintextTransport object at 0x0000012DB8753ED0> params=<ConnectionParameters host=localhost port=5672 virtual_host=/ ssl=False>>
2025-10-19 04:13:28,846 | INFO | AMQPConnectionWorkflow - reporting success: <SelectConnection OPEN transport=<pika.adapters.utils.io_services_utils._AsyncPlaintextTransport object at 0x0000012DB8753ED0> params=<ConnectionParameters host=localhost port=5672 virtual_host=/ ssl=False>>
2025-10-19 04:13:28,847 | INFO | Connection workflow succeeded: <SelectConnection OPEN transport=<pika.adapters.utils.io_services_utils._AsyncPlaintextTransport object at 0x0000012DB8753ED0> params=<ConnectionParameters host=localhost port=5672 virtual_host=/ ssl=False>>
2025-10-19 04:13:28,847 | INFO | Created channel=1
2025-10-19 04:13:28,848 | INFO | Consumer: Processing data/marks.csv
2025-10-19 04:13:28,869 | INFO | Consumer: ETL finished in 0.02 seconds
2025-10-19 04:13:28,874 | ERROR | Consumer: Error \u2192 (1064, "You have an error in your SQL syntax; check the manual that corresponds to your MySQL server version for the right syntax to use near 'CONFLICT (StudentID) DO UPDATE\n                                        SET Maths' at line 3")
2025-10-19 04:13:28,875 | INFO | Closing connection (200): Normal shutdown
2025-10-19 04:13:28,875 | INFO | Closing channel (200): 'Normal shutdown' on <Channel number=1 OPEN conn=<SelectConnection OPEN transport=<pika.adapters.utils.io_services_utils._AsyncPlaintextTransport object at 0x0000012DB8753ED0> params=<ConnectionParameters host=localhost port=5672 virtual_host=/ ssl=False>>>
2025-10-19 04:13:28,875 | INFO | Received <Channel.CloseOk> on <Channel number=1 CLOSING conn=<SelectConnection OPEN transport=<pika.adapters.utils.io_services_utils._AsyncPlaintextTransport object at 0x0000012DB8753ED0> params=<ConnectionParameters host=localhost port=5672 virtual_host=/ ssl=False>>>
2025-10-19 04:13:28,875 | INFO | Closing connection (200): 'Normal shutdown'
2025-10-19 04:13:28,876 | INFO | Aborting transport connection: state=1; <socket.socket fd=804, family=23, type=1, proto=6, laddr=('::1', 54840, 0, 0), raddr=('::1', 5672, 0, 0)>
2025-10-19 04:13:28,876 | INFO | _AsyncTransportBase._initate_abort(): Initiating abrupt asynchronous transport shutdown: state=1; error=None; <socket.socket fd=804, family=23, type=1, proto=6, laddr=('::1', 54840, 0, 0), raddr=('::1', 5672, 0, 0)>
2025-10-19 04:13:28,876 | INFO | Deactivating transport: state=1; <socket.socket fd=804, family=23, type=1, proto=6, laddr=('::1', 54840, 0, 0), raddr=('::1', 5672, 0, 0)>
2025-10-19 04:13:28,876 | INFO | AMQP stack terminated, failed to connect, or aborted: opened=True, error-arg=None; pending-error=ConnectionClosedByClient: (200) 'Normal shutdown'
2025-10-19 04:13:28,876 | INFO | Stack terminated due to ConnectionClosedByClient: (200) 'Normal shutdown'
2025-10-19 04:13:28,877 | INFO | Closing transport socket and unlinking: state=3; <socket.socket fd=804, family=23, type=1, proto=6, laddr=('::1', 54840, 0, 0), raddr=('::1', 5672, 0, 0)>
2025-10-19 04:13:28,877 | INFO | User-initiated close: result=BlockingConnection__OnClosedArgs(connection=<SelectConnection CLOSED transport=None params=<ConnectionParameters host=localhost port=5672 virtual_host=/ ssl=False>>, error=ConnectionClosedByClient: (200) 'Normal shutdown')
2025-10-19 04:13:28,878 | INFO | POST /process-etl | Status: 200 | Duration: 0.055s
2025-10-19 04:16:05,283 | INFO | Pika version 1.3.2 connecting to ('::1', 5672, 0, 0)
2025-10-19 04:16:05,283 | INFO | Socket connected: <socket.socket fd=624, family=23, type=1, proto=6, laddr=('::1', 54867, 0, 0), raddr=('::1', 5672, 0, 0)>
2025-10-19 04:16:05,284 | INFO | Streaming transport linked up: (<pika.adapters.utils.io_services_utils._AsyncPlaintextTransport object at 0x000001ACB3D12F90>, _StreamingProtocolShim: <SelectConnection PROTOCOL transport=<pika.adapters.utils.io_services_utils._AsyncPlaintextTransport object at 0x000001ACB3D12F90> params=<ConnectionParameters host=localhost port=5672 virtual_host=/ ssl=False>>).
2025-10-19 04:16:05,288 | INFO | AMQPConnector - reporting success: <SelectConnection OPEN transport=<pika.adapters.utils.io_services_utils._AsyncPlaintextTransport object at 0x000001ACB3D12F90> params=<ConnectionParameters host=localhost port=5672 virtual_host=/ ssl=False>>
2025-10-19 04:16:05,289 | INFO | AMQPConnectionWorkflow - reporting success: <SelectConnection OPEN transport=<pika.adapters.utils.io_services_utils._AsyncPlaintextTransport object at 0x000001ACB3D12F90> params=<ConnectionParameters host=localhost port=5672 virtual_host=/ ssl=False>>
2025-10-19 04:16:05,289 | INFO | Connection workflow succeeded: <SelectConnection OPEN transport=<pika.adapters.utils.io_services_utils._AsyncPlaintextTransport object at 0x000001ACB3D12F90> params=<ConnectionParameters host=localhost port=5672 virtual_host=/ ssl=False>>
2025-10-19 04:16:05,289 | INFO | Created channel=1
2025-10-19 04:16:05,291 | INFO | Closing connection (200): Normal shutdown
2025-10-19 04:16:05,291 | INFO | Closing channel (200): 'Normal shutdown' on <Channel number=1 OPEN conn=<SelectConnection OPEN transport=<pika.adapters.utils.io_services_utils._AsyncPlaintextTransport object at 0x000001ACB3D12F90> params=<ConnectionParameters host=localhost port=5672 virtual_host=/ ssl=False>>>
2025-10-19 04:16:05,291 | INFO | Received <Channel.CloseOk> on <Channel number=1 CLOSING conn=<SelectConnection OPEN transport=<pika.adapters.utils.io_services_utils._AsyncPlaintextTransport object at 0x000001ACB3D12F90> params=<ConnectionParameters host=localhost port=5672 virtual_host=/ ssl=False>>>
2025-10-19 04:16:05,292 | INFO | Closing connection (200): 'Normal shutdown'
2025-10-19 04:16:05,292 | INFO | Aborting transport connection: state=1; <socket.socket fd=624, family=23, type=1, proto=6, laddr=('::1', 54867, 0, 0), raddr=('::1', 5672, 0, 0)>
2025-10-19 04:16:05,292 | INFO | _AsyncTransportBase._initate_abort(): Initiating abrupt asynchronous transport shutdown: state=1; error=None; <socket.socket fd=624, family=23, type=1, proto=6, laddr=('::1', 54867, 0, 0), raddr=('::1', 5672, 0, 0)>
2025-10-19 04:16:05,292 | INFO | Deactivating transport: state=1; <socket.socket fd=624, family=23, type=1, proto=6, laddr=('::1', 54867, 0, 0), raddr=('::1', 5672, 0, 0)>
2025-10-19 04:16:05,293 | INFO | AMQP stack terminated, failed to connect, or aborted: opened=True, error-arg=None; pending-error=ConnectionClosedByClient: (200) 'Normal shutdown'
2025-10-19 04:16:05,293 | INFO | Stack terminated due to ConnectionClosedByClient: (200) 'Normal shutdown'
2025-10-19 04:16:05,293 | INFO | Closing transport socket and unlinking: state=3; <socket.socket fd=624, family=23, type=1, proto=6, laddr=('::1', 54867, 0, 0), raddr=('::1', 5672, 0, 0)>
2025-10-19 04:16:05,293 | INFO | User-initiated close: result=BlockingConnection__OnClosedArgs(connection=<SelectConnection CLOSED transport=None params=<ConnectionParameters host=localhost port=5672 virtual_host=/ ssl=False>>, error=ConnectionClosedByClient: (200) 'Normal shutdown')
2025-10-19 04:16:05,293 | INFO | Producer: Task queued for data/marks.csv
2025-10-19 04:16:05,298 | INFO | Pika version 1.3.2 connecting to ('::1', 5672, 0, 0)
2025-10-19 04:16:05,298 | INFO | Socket connected: <socket.socket fd=812, family=23, type=1, proto=6, laddr=('::1', 54870, 0, 0), raddr=('::1', 5672, 0, 0)>
2025-10-19 04:16:05,299 | INFO | Streaming transport linked up: (<pika.adapters.utils.io_services_utils._AsyncPlaintextTransport object at 0x000001ACB3D1AC10>, _StreamingProtocolShim: <SelectConnection PROTOCOL transport=<pika.adapters.utils.io_services_utils._AsyncPlaintextTransport object at 0x000001ACB3D1AC10> params=<ConnectionParameters host=localhost port=5672 virtual_host=/ ssl=False>>).
2025-10-19 04:16:05,302 | INFO | AMQPConnector - reporting success: <SelectConnection OPEN transport=<pika.adapters.utils.io_services_utils._AsyncPlaintextTransport object at 0x000001ACB3D1AC10> params=<ConnectionParameters host=localhost port=5672 virtual_host=/ ssl=False>>
2025-10-19 04:16:05,302 | INFO | AMQPConnectionWorkflow - reporting success: <SelectConnection OPEN transport=<pika.adapters.utils.io_services_utils._AsyncPlaintextTransport object at 0x000001ACB3D1AC10> params=<ConnectionParameters host=localhost port=5672 virtual_host=/ ssl=False>>
2025-10-19 04:16:05,302 | INFO | Connection workflow succeeded: <SelectConnection OPEN transport=<pika.adapters.utils.io_services_utils._AsyncPlaintextTransport object at 0x000001ACB3D1AC10> params=<ConnectionParameters host=localhost port=5672 virtual_host=/ ssl=False>>
2025-10-19 04:16:05,303 | INFO | Created channel=1
2025-10-19 04:16:05,304 | INFO | Consumer: Processing data/marks.csv
2025-10-19 04:16:05,321 | INFO | Consumer: ETL finished in 0.02 seconds
2025-10-19 04:16:05,329 | INFO | Marks Table Updated in database
2025-10-19 04:16:05,329 | INFO | Closing connection (200): Normal shutdown
2025-10-19 04:16:05,329 | INFO | Closing channel (200): 'Normal shutdown' on <Channel number=1 OPEN conn=<SelectConnection OPEN transport=<pika.adapters.utils.io_services_utils._AsyncPlaintextTransport object at 0x000001ACB3D1AC10> params=<ConnectionParameters host=localhost port=5672 virtual_host=/ ssl=False>>>
2025-10-19 04:16:05,330 | INFO | Received <Channel.CloseOk> on <Channel number=1 CLOSING conn=<SelectConnection OPEN transport=<pika.adapters.utils.io_services_utils._AsyncPlaintextTransport object at 0x000001ACB3D1AC10> params=<ConnectionParameters host=localhost port=5672 virtual_host=/ ssl=False>>>
2025-10-19 04:16:05,330 | INFO | Closing connection (200): 'Normal shutdown'
2025-10-19 04:16:05,331 | INFO | Aborting transport connection: state=1; <socket.socket fd=812, family=23, type=1, proto=6, laddr=('::1', 54870, 0, 0), raddr=('::1', 5672, 0, 0)>
2025-10-19 04:16:05,331 | INFO | _AsyncTransportBase._initate_abort(): Initiating abrupt asynchronous transport shutdown: state=1; error=None; <socket.socket fd=812, family=23, type=1, proto=6, laddr=('::1', 54870, 0, 0), raddr=('::1', 5672, 0, 0)>
2025-10-19 04:16:05,331 | INFO | Deactivating transport: state=1; <socket.socket fd=812, family=23, type=1, proto=6, laddr=('::1', 54870, 0, 0), raddr=('::1', 5672, 0, 0)>
2025-10-19 04:16:05,331 | INFO | AMQP stack terminated, failed to connect, or aborted: opened=True, error-arg=None; pending-error=ConnectionClosedByClient: (200) 'Normal shutdown'
2025-10-19 04:16:05,331 | INFO | Stack terminated due to ConnectionClosedByClient: (200) 'Normal shutdown'
2025-10-19 04:16:05,331 | INFO | Closing transport socket and unlinking: state=3; <socket.socket fd=812, family=23, type=1, proto=6, laddr=('::1', 54870, 0, 0), raddr=('::1', 5672, 0, 0)>
2025-10-19 04:16:05,331 | INFO | User-initiated close: result=BlockingConnection__OnClosedArgs(connection=<SelectConnection CLOSED transport=None params=<ConnectionParameters host=localhost port=5672 virtual_host=/ ssl=False>>, error=ConnectionClosedByClient: (200) 'Normal shutdown')
2025-10-19 04:16:05,332 | INFO | POST /process-etl | Status: 200 | Duration: 0.061s
